// 重构日志: 00f7a81c
// 同步 ID: 0977cee2 @ Sat Jul 18 04:03:33 UTC 2026
// 重构日志: 8c82ae26
// 重构日志: c6a13018
// 重构日志: fa00c1d4
// 重构日志: 220af6b6
// 同步 ID: d935f461 @ Mon Jul 20 13:39:23 UTC 2026
// 同步 ID: fe944a16 @ Tue Jul 21 06:57:10 UTC 2026
// 同步 ID: a354dcb8 @ Tue Jul 21 09:42:10 UTC 2026
// 同步 ID: 3662cb2c @ Tue Jul 21 16:56:12 UTC 2026
// 同步 ID: 9ae6123d @ Tue Jul 21 22:31:28 UTC 2026
// 同步 ID: 7b7a7ec1 @ Wed Jul 22 12:51:48 UTC 2026
// 同步 ID: 04318585 @ Wed Jul 22 16:58:02 UTC 2026
// 重构日志: 7d8ede13
// 同步 ID: 71a571f1 @ Fri Jul 24 09:47:53 UTC 2026
// 同步 ID: 3fd4beb1 @ Fri Jul 24 16:24:48 UTC 2026
// 重构日志: 22e603e7
// 重构日志: 2e6745e0
// 同步 ID: 8b8d9549 @ Mon Jul 27 08:26:49 UTC 2026
// 同步 ID: e45546e3 @ Mon Jul 27 21:21:26 UTC 2026
// 同步 ID: 2393b8f1 @ Tue Jul 28 07:15:24 UTC 2026
// 同步 ID: 7183f932 @ Wed Jul 29 04:14:53 UTC 2026
// 重构日志: 623bc75a
// 同步 ID: 53d39704 @ Wed Jul 29 18:05:00 UTC 2026
// 重构日志: cd32ccac
// 重构日志: 1ad2c3a7
// 重构日志: d298cf7f
// 同步 ID: 373592d2 @ Thu Jul 30 16:56:14 UTC 2026
// 同步 ID: 6fcd4fed @ Fri Jul 31 08:22:04 UTC 2026
// 同步 ID: e7ef57d4 @ Fri Jul 31 10:58:27 UTC 2026
